\BOOKMARK [1][-]{section.1}{\376\377\137\025\212\000}{}% 1
\BOOKMARK [1][-]{section.2}{\376\377\166\370\121\163\135\345\117\134}{}% 2
\BOOKMARK [1][-]{section.3}{\376\377\174\373\176\337\147\266\147\204\116\016\116\377\167\037\136\163\123\360}{}% 3
\BOOKMARK [2][-]{subsection.3.1}{\376\377\123\314\152\041\137\017\146\172\200\375\117\123\116\016\147\011\226\120\122\250\117\134\226\306}{section.3}% 4
\BOOKMARK [2][-]{subsection.3.2}{\376\377\127\060\164\006\221\115\121\306\116\377\167\037\116\026\165\114}{section.3}% 5
\BOOKMARK [2][-]{subsection.3.3}{\376\377\116\272\147\072\123\117\124\014\143\247\122\066\123\360\377\032\136\163\123\360\133\236\226\105\200\375\120\132\166\204\116\213}{section.3}% 6
\BOOKMARK [2][-]{subsection.3.4}{\376\377\122\006\134\102\213\355\116\111\211\304\122\022\116\016\213\260\137\306\150\010}{section.3}% 7
\BOOKMARK [1][-]{section.4}{\376\377\145\271\154\325\116\016\133\236\232\214\123\117\213\256}{}% 8
\BOOKMARK [2][-]{subsection.4.1}{\376\377\230\204\173\227\123\327\226\120\116\073\122\250\221\315\211\302\155\113}{section.4}% 9
\BOOKMARK [2][-]{subsection.4.2}{\376\377\211\306\127\072\145\066\177\051\137\017\211\302\155\113\152\041\127\213}{section.4}% 10
\BOOKMARK [2][-]{subsection.4.3}{\376\377\141\037\167\345\136\225\136\247\377\032\121\154\137\000\142\253\227\062\166\204\143\137\117\044\122\006\174\173\176\304\116\366}{section.4}% 11
\BOOKMARK [2][-]{subsection.4.4}{\376\377\211\346\123\321\173\126\165\145}{section.4}% 12
\BOOKMARK [2][-]{subsection.4.5}{\376\377\116\213\116\366\116\015\166\370\116\244\145\160\143\156\123\117\213\256}{section.4}% 13
\BOOKMARK [2][-]{subsection.4.6}{\376\377\217\320\122\250\133\146\123\302\145\160\116\016\230\204\173\227\143\142\173\227}{section.4}% 14
\BOOKMARK [2][-]{subsection.4.7}{\376\377\213\304\116\367\143\007\150\007\116\016\123\357\213\306\122\053\140\047\122\044\143\156}{section.4}% 15
\BOOKMARK [1][-]{section.5}{\376\377\133\236\232\214}{}% 16
\BOOKMARK [2][-]{subsection.5.1}{\376\377\213\255\176\303\000/\232\214\213\301\146\362\176\277\060\001\174\173\122\053\122\240\147\103\116\016\127\372\176\277\133\371\150\007}{section.5}% 17
\BOOKMARK [2][-]{subsection.5.2}{\376\377\145\347\211\302\155\113\152\041\127\213\377\032\147\011\145\110\000\040\000G\000S\000D\000\040\116\016\122\006\174\173\215\050\221\317}{section.5}% 18
\BOOKMARK [2][-]{subsection.5.3}{\376\377\145\347\211\302\155\113\152\041\127\213\377\032\230\204\173\227\123\327\226\120\211\302\155\113\122\006\221\115}{section.5}% 19
\BOOKMARK [2][-]{subsection.5.4}{\376\377\211\306\127\072\145\066\177\051\211\302\155\113\166\204\121\340\117\125\204\075\127\060\116\016\000\040\000l\000e\000a\000k\000y\000\040\141\037\167\345\213\312\145\255}{section.5}% 20
\BOOKMARK [2][-]{subsection.5.5}{\376\377\122\237\145\110\122\006\147\220\116\016\116\213\116\366\226\224\171\273\127\372\121\306}{section.5}% 21
\BOOKMARK [2][-]{subsection.5.6}{\376\377\000R\000e\000s\000c\000u\000e\000N\000e\000t\000\040\117\116\172\172\213\304\117\060\127\337}{section.5}% 22
\BOOKMARK [2][-]{subsection.5.7}{\376\377\172\357\122\060\172\357\177\072\226\167\116\016\143\242\175\042\126\336\220\000}{section.5}% 23
\BOOKMARK [2][-]{subsection.5.8}{\376\377\000O\000r\000a\000c\000l\000e\000\040\226\066\150\257\116\016\172\357\122\060\172\357\163\260\133\236\150\300\232\214}{section.5}% 24
\BOOKMARK [1][-]{section.6}{\376\377\134\100\226\120\116\016\137\161\124\315}{}% 25
\BOOKMARK [1][-]{section.7}{\376\377\176\323\213\272}{}% 26
\BOOKMARK [1][-]{appendix.A}{\376\377\226\104\137\125\377\032\123\117\213\256\060\001\122\007\122\006\116\016\131\015\163\260}{}% 27
